com/difisoft/market/model/v1/db/MonthlyFutures.class
com/difisoft/market/model/v2/realtime/TickerNewsData.class
com/difisoft/market/model/v2/realtime/DealNoticeData.class
com/difisoft/market/model/constant/Constants.class
com/difisoft/market/model/v1/db/Index.class
com/difisoft/market/model/v1/db/MappingMongo.class
com/difisoft/market/model/v2/db/SymbolDaily.class
com/difisoft/market/model/v1/db/IPeriodIndex.class
com/difisoft/market/model/v1/db/Stock.class
com/difisoft/market/model/v1/db/SymbolName.class
com/difisoft/market/model/v1/db/HighLowYearItem.class
com/difisoft/market/model/v1/db/SymbolInfo.class
com/difisoft/market/model/v1/db/CWQuote.class
com/difisoft/market/model/v1/db/MonthlyIndex.class
com/difisoft/market/model/constant/SessionType.class
com/difisoft/market/model/v2/realtime/SymbolInfoUpdate.class
com/difisoft/market/model/v1/realtime/FuturesBidOfferData$1.class
com/difisoft/market/model/v2/db/SymbolName.class
com/difisoft/market/model/v2/db/FuturesCodeMapping.class
com/difisoft/market/model/v2/realtime/ForeignIndexUpdateData.class
com/difisoft/market/model/v1/db/IPeriodStock.class
com/difisoft/market/model/v1/db/MonthlyStock.class
com/difisoft/market/model/v1/db/DailyFutures.class
com/difisoft/market/model/v1/realtime/FuturesUpdateData.class
com/difisoft/market/model/v2/realtime/FuturesUpdateData.class
com/difisoft/market/model/v2/db/SymbolInfo$BidOfferItem.class
com/difisoft/market/model/constant/MarketTypeEnum.class
com/difisoft/market/model/v2/realtime/ExtraUpdate.class
com/difisoft/market/model/v1/realtime/IndexUpdateData.class
com/difisoft/market/model/constant/SymbolTypeEnum.class
com/difisoft/market/model/v2/db/SymbolHistory.class
com/difisoft/market/model/v2/realtime/StockBidOfferOddLotData.class
com/difisoft/market/model/v1/db/SecuritiesInfo.class
com/difisoft/market/model/v1/db/CWHistory$Id.class
com/difisoft/market/model/v2/realtime/StockBidOfferData.class
com/difisoft/market/model/v2/realtime/SymbolInfoUpdate$BidOfferItem.class
com/difisoft/market/model/v1/db/StockDaily.class
com/difisoft/market/model/v1/db/IndexQuoteBackup.class
com/difisoft/market/model/v1/db/FuturesInfo.class
com/difisoft/market/model/v1/db/CwDaily.class
com/difisoft/market/model/v1/db/StockForeignerDaily.class
com/difisoft/market/model/v1/realtime/BaseRealtime.class
com/difisoft/market/model/v1/realtime/BidOfferData.class
com/difisoft/market/model/v2/realtime/PriceItem.class
com/difisoft/market/model/v1/db/BidOfferItem.class
com/difisoft/market/model/v2/db/MappingMongo.class
com/difisoft/market/model/v1/realtime/TickerMesgData.class
com/difisoft/market/model/v1/db/CWInfo.class
com/difisoft/market/model/v1/db/WeeklyStock.class
com/difisoft/market/model/v2/realtime/AdvertisedData.class
com/difisoft/market/model/v1/db/StockInfo.class
com/difisoft/market/model/v2/db/SymbolQuote.class
com/difisoft/market/model/v2/realtime/CWUpdateData.class
com/difisoft/market/model/v1/db/IndexQuoteMinute$_id.class
com/difisoft/market/model/v2/realtime/IndexUpdateData.class
com/difisoft/market/model/v1/db/FuturesQuote.class
com/difisoft/market/model/v1/realtime/PriceItem.class
com/difisoft/market/model/v1/db/IndexQuote.class
com/difisoft/market/model/v2/realtime/FuturesBidOfferData.class
com/difisoft/market/model/v1/db/MonthlyCW.class
com/difisoft/market/model/v1/db/FuturesQuoteBackup.class
com/difisoft/market/model/v2/realtime/CWExtra.class
com/difisoft/market/model/v2/realtime/FuturesBidOfferData$1.class
com/difisoft/market/model/v2/realtime/FuturesExtra.class
com/difisoft/market/model/v2/realtime/StockExtra.class
com/difisoft/market/model/v1/db/StockQuoteBackup.class
com/difisoft/market/model/v2/realtime/SymbolInfoUpdate$HighLowYearItem.class
com/difisoft/market/model/v1/db/EtfNavDaily.class
com/difisoft/market/model/v1/db/IndexHistory$Id.class
com/difisoft/market/model/v1/db/StockInfo$StockInfoOverride.class
com/difisoft/market/model/v1/realtime/AdvertisedData.class
com/difisoft/market/model/v1/db/EstimatedData.class
com/difisoft/market/model/constant/TTLExchange.class
com/difisoft/market/model/v2/db/SymbolQuoteMinute.class
com/difisoft/market/model/v1/db/EtfIndexDaily.class
com/difisoft/market/model/v1/db/StockHistory.class
com/difisoft/market/model/constant/Constants$1.class
com/difisoft/market/model/v1/db/DailyStock.class
com/difisoft/market/model/v1/db/FuturesDaily.class
com/difisoft/market/model/v1/db/WeeklyCW.class
com/difisoft/market/model/v1/db/IndexStockList.class
com/difisoft/market/model/constant/IndexTypeEnum.class
com/difisoft/market/model/v1/db/FuturesHistory.class
com/difisoft/market/model/v1/db/CW.class
com/difisoft/market/model/v1/db/IndexQuoteMinute.class
com/difisoft/market/model/v1/db/StockQuote.class
com/difisoft/market/model/v1/realtime/DealNoticeData.class
com/difisoft/market/model/v2/db/EstimatedData.class
com/difisoft/market/model/v2/db/SymbolInfo$HighLowYearItem.class
com/difisoft/market/model/v1/db/WeeklyIndex.class
com/difisoft/market/model/v1/db/IndexInfo.class
com/difisoft/market/model/v1/db/FuturesInfo$FuturesInfoOverride.class
com/difisoft/market/model/v1/db/DailyIndex.class
com/difisoft/market/model/v1/db/CWHistory.class
com/difisoft/market/model/v2/realtime/IndexExtra.class
com/difisoft/market/model/v1/db/IPeriodFutures.class
com/difisoft/market/model/v1/db/CWInfo$CWInfoOverride.class
com/difisoft/market/model/v1/db/Futures.class
com/difisoft/market/model/v1/db/IndexDaily.class
com/difisoft/market/model/v1/db/StockHistory$Id.class
com/difisoft/market/model/v2/realtime/StockUpdateData.class
com/difisoft/market/model/v1/db/IndexHistory.class
com/difisoft/market/model/v1/db/FuturesCodeMapping.class
com/difisoft/market/model/v1/realtime/FuturesBidOfferData.class
com/difisoft/market/model/v2/realtime/CWBidOfferData.class
com/difisoft/market/model/v1/realtime/TickerNewsData.class
com/difisoft/market/model/v1/db/IndexQuoteBackup$Session.class
com/difisoft/market/model/v1/db/FuturesHistory$Id.class
com/difisoft/market/model/constant/MarketStatusType.class
com/difisoft/market/model/v1/db/CWQuoteBackup.class
com/difisoft/market/model/v1/db/IndexSession.class
com/difisoft/market/model/v1/db/WeeklyFutures.class
com/difisoft/market/model/v1/realtime/StockUpdateData.class
com/difisoft/market/model/v2/db/SymbolInfo.class
com/difisoft/market/model/v2/db/IndexStockList.class
com/difisoft/market/model/v1/db/DailyCW.class
com/difisoft/market/model/v1/realtime/IndexUpdateData$Session.class
com/difisoft/market/model/v2/db/Symbol.class
