D:\hiep\tradex\market-model\src\main\java\com\difisoft\market\model\v1\db\DailyCW.java
D:\hiep\tradex\market-model\src\main\java\com\difisoft\market\model\v1\db\FuturesQuote.java
D:\hiep\tradex\market-model\src\main\java\com\difisoft\market\model\v1\db\WeeklyStock.java
D:\hiep\tradex\market-model\src\main\java\com\difisoft\market\model\v1\db\CW.java
D:\hiep\tradex\market-model\src\main\java\com\difisoft\market\model\v2\realtime\StockExtra.java
D:\hiep\tradex\market-model\src\main\java\com\difisoft\market\model\v2\realtime\SymbolInfoUpdate.java
D:\hiep\tradex\market-model\src\main\java\com\difisoft\market\model\v1\db\DailyIndex.java
D:\hiep\tradex\market-model\src\main\java\com\difisoft\market\model\v2\realtime\IndexUpdateData.java
D:\hiep\tradex\market-model\src\main\java\com\difisoft\market\model\v1\db\DailyStock.java
D:\hiep\tradex\market-model\src\main\java\com\difisoft\market\model\constant\SymbolTypeEnum.java
D:\hiep\tradex\market-model\src\main\java\com\difisoft\market\model\v1\db\FuturesInfo.java
D:\hiep\tradex\market-model\src\main\java\com\difisoft\market\model\constant\MarketStatusType.java
D:\hiep\tradex\market-model\src\main\java\com\difisoft\market\model\v2\db\SymbolHistory.java
D:\hiep\tradex\market-model\src\main\java\com\difisoft\market\model\v2\realtime\TickerNewsData.java
D:\hiep\tradex\market-model\src\main\java\com\difisoft\market\model\v2\db\EstimatedData.java
D:\hiep\tradex\market-model\src\main\java\com\difisoft\market\model\v1\realtime\StockUpdateData.java
D:\hiep\tradex\market-model\src\main\java\com\difisoft\market\model\v2\realtime\CWUpdateData.java
D:\hiep\tradex\market-model\src\main\java\com\difisoft\market\model\v2\realtime\CWBidOfferData.java
D:\hiep\tradex\market-model\src\main\java\com\difisoft\market\model\v2\realtime\IndexExtra.java
D:\hiep\tradex\market-model\src\main\java\com\difisoft\market\model\v2\db\SymbolDaily.java
D:\hiep\tradex\market-model\src\main\java\com\difisoft\market\model\constant\TTLExchange.java
D:\hiep\tradex\market-model\src\main\java\com\difisoft\market\model\v2\realtime\DealNoticeData.java
D:\hiep\tradex\market-model\src\main\java\com\difisoft\market\model\v1\db\CWQuote.java
D:\hiep\tradex\market-model\src\main\java\com\difisoft\market\model\v1\db\FuturesHistory.java
D:\hiep\tradex\market-model\src\main\java\com\difisoft\market\model\constant\SessionType.java
D:\hiep\tradex\market-model\src\main\java\com\difisoft\market\model\v1\db\BidOfferItem.java
D:\hiep\tradex\market-model\src\main\java\com\difisoft\market\model\v1\db\IndexInfo.java
D:\hiep\tradex\market-model\src\main\java\com\difisoft\market\model\v2\realtime\ExtraUpdate.java
D:\hiep\tradex\market-model\src\main\java\com\difisoft\market\model\constant\Constants.java
D:\hiep\tradex\market-model\src\main\java\com\difisoft\market\model\v1\db\StockQuote.java
D:\hiep\tradex\market-model\src\main\java\com\difisoft\market\model\v1\db\EtfIndexDaily.java
D:\hiep\tradex\market-model\src\main\java\com\difisoft\market\model\v1\db\FuturesCodeMapping.java
D:\hiep\tradex\market-model\src\main\java\com\difisoft\market\model\v2\db\MappingMongo.java
D:\hiep\tradex\market-model\src\main\java\com\difisoft\market\model\v2\db\SymbolInfo.java
D:\hiep\tradex\market-model\src\main\java\com\difisoft\market\model\v1\db\MonthlyStock.java
D:\hiep\tradex\market-model\src\main\java\com\difisoft\market\model\v1\realtime\BidOfferData.java
D:\hiep\tradex\market-model\src\main\java\com\difisoft\market\model\v2\db\SymbolQuote.java
D:\hiep\tradex\market-model\src\main\java\com\difisoft\market\model\v1\db\CwDaily.java
D:\hiep\tradex\market-model\src\main\java\com\difisoft\market\model\v2\realtime\StockBidOfferData.java
D:\hiep\tradex\market-model\src\main\java\com\difisoft\market\model\v1\db\CWHistory.java
D:\hiep\tradex\market-model\src\main\java\com\difisoft\market\model\v1\db\IndexStockList.java
D:\hiep\tradex\market-model\src\main\java\com\difisoft\market\model\v1\realtime\TickerNewsData.java
D:\hiep\tradex\market-model\src\main\java\com\difisoft\market\model\v1\db\IndexQuoteBackup.java
D:\hiep\tradex\market-model\src\main\java\com\difisoft\market\model\v1\db\IndexQuoteMinute.java
D:\hiep\tradex\market-model\src\main\java\com\difisoft\market\model\v1\db\EstimatedData.java
D:\hiep\tradex\market-model\src\main\java\com\difisoft\market\model\v1\db\FuturesDaily.java
D:\hiep\tradex\market-model\src\main\java\com\difisoft\market\model\v2\db\IndexStockList.java
D:\hiep\tradex\market-model\src\main\java\com\difisoft\market\model\v1\db\StockForeignerDaily.java
D:\hiep\tradex\market-model\src\main\java\com\difisoft\market\model\v1\realtime\DealNoticeData.java
D:\hiep\tradex\market-model\src\main\java\com\difisoft\market\model\v2\realtime\ForeignIndexUpdateData.java
D:\hiep\tradex\market-model\src\main\java\com\difisoft\market\model\v2\db\FuturesCodeMapping.java
D:\hiep\tradex\market-model\src\main\java\com\difisoft\market\model\v1\db\WeeklyCW.java
D:\hiep\tradex\market-model\src\main\java\com\difisoft\market\model\v1\db\MonthlyCW.java
D:\hiep\tradex\market-model\src\main\java\com\difisoft\market\model\v2\realtime\FuturesExtra.java
D:\hiep\tradex\market-model\src\main\java\com\difisoft\market\model\v1\db\Futures.java
D:\hiep\tradex\market-model\src\main\java\com\difisoft\market\model\v1\db\Index.java
D:\hiep\tradex\market-model\src\main\java\com\difisoft\market\model\v1\db\WeeklyFutures.java
D:\hiep\tradex\market-model\src\main\java\com\difisoft\market\model\v1\db\SymbolInfo.java
D:\hiep\tradex\market-model\src\main\java\com\difisoft\market\model\v1\db\Stock.java
D:\hiep\tradex\market-model\src\main\java\com\difisoft\market\model\v1\db\StockHistory.java
D:\hiep\tradex\market-model\src\main\java\com\difisoft\market\model\v1\db\DailyFutures.java
D:\hiep\tradex\market-model\src\main\java\com\difisoft\market\model\v2\db\SymbolQuoteMinute.java
D:\hiep\tradex\market-model\src\main\java\com\difisoft\market\model\v1\db\IPeriodIndex.java
D:\hiep\tradex\market-model\src\main\java\com\difisoft\market\model\v1\db\IndexSession.java
D:\hiep\tradex\market-model\src\main\java\com\difisoft\market\model\v1\realtime\BaseRealtime.java
D:\hiep\tradex\market-model\src\main\java\com\difisoft\market\model\constant\IndexTypeEnum.java
D:\hiep\tradex\market-model\src\main\java\com\difisoft\market\model\v1\db\MonthlyFutures.java
D:\hiep\tradex\market-model\src\main\java\com\difisoft\market\model\v2\db\Symbol.java
D:\hiep\tradex\market-model\src\main\java\com\difisoft\market\model\v2\realtime\StockUpdateData.java
D:\hiep\tradex\market-model\src\main\java\com\difisoft\market\model\v1\db\MappingMongo.java
D:\hiep\tradex\market-model\src\main\java\com\difisoft\market\model\v1\db\IPeriodStock.java
D:\hiep\tradex\market-model\src\main\java\com\difisoft\market\model\v2\realtime\CWExtra.java
D:\hiep\tradex\market-model\src\main\java\com\difisoft\market\model\v1\db\IndexHistory.java
D:\hiep\tradex\market-model\src\main\java\com\difisoft\market\model\v2\realtime\FuturesBidOfferData.java
D:\hiep\tradex\market-model\src\main\java\com\difisoft\market\model\v1\realtime\AdvertisedData.java
D:\hiep\tradex\market-model\src\main\java\com\difisoft\market\model\v2\realtime\PriceItem.java
D:\hiep\tradex\market-model\src\main\java\com\difisoft\market\model\v1\db\StockDaily.java
D:\hiep\tradex\market-model\src\main\java\com\difisoft\market\model\v1\db\FuturesQuoteBackup.java
D:\hiep\tradex\market-model\src\main\java\com\difisoft\market\model\v1\db\EtfNavDaily.java
D:\hiep\tradex\market-model\src\main\java\com\difisoft\market\model\v1\db\MonthlyIndex.java
D:\hiep\tradex\market-model\src\main\java\com\difisoft\market\model\constant\MarketTypeEnum.java
D:\hiep\tradex\market-model\src\main\java\com\difisoft\market\model\v1\realtime\FuturesBidOfferData.java
D:\hiep\tradex\market-model\src\main\java\com\difisoft\market\model\v1\db\SecuritiesInfo.java
D:\hiep\tradex\market-model\src\main\java\com\difisoft\market\model\v1\realtime\TickerMesgData.java
D:\hiep\tradex\market-model\src\main\java\com\difisoft\market\model\v1\db\IndexDaily.java
D:\hiep\tradex\market-model\src\main\java\com\difisoft\market\model\v1\db\StockInfo.java
D:\hiep\tradex\market-model\src\main\java\com\difisoft\market\model\v2\realtime\FuturesUpdateData.java
D:\hiep\tradex\market-model\src\main\java\com\difisoft\market\model\v1\db\CWQuoteBackup.java
D:\hiep\tradex\market-model\src\main\java\com\difisoft\market\model\v1\realtime\PriceItem.java
D:\hiep\tradex\market-model\src\main\java\com\difisoft\market\model\v1\realtime\IndexUpdateData.java
D:\hiep\tradex\market-model\src\main\java\com\difisoft\market\model\v2\db\SymbolName.java
D:\hiep\tradex\market-model\src\main\java\com\difisoft\market\model\v1\db\StockQuoteBackup.java
D:\hiep\tradex\market-model\src\main\java\com\difisoft\market\model\v1\db\CWInfo.java
D:\hiep\tradex\market-model\src\main\java\com\difisoft\market\model\v1\db\SymbolName.java
D:\hiep\tradex\market-model\src\main\java\com\difisoft\market\model\v2\realtime\StockBidOfferOddLotData.java
D:\hiep\tradex\market-model\src\main\java\com\difisoft\market\model\v1\db\HighLowYearItem.java
D:\hiep\tradex\market-model\src\main\java\com\difisoft\market\model\v1\db\WeeklyIndex.java
D:\hiep\tradex\market-model\src\main\java\com\difisoft\market\model\v1\db\IndexQuote.java
D:\hiep\tradex\market-model\src\main\java\com\difisoft\market\model\v2\realtime\AdvertisedData.java
D:\hiep\tradex\market-model\src\main\java\com\difisoft\market\model\v1\db\IPeriodFutures.java
D:\hiep\tradex\market-model\src\main\java\com\difisoft\market\model\v1\realtime\FuturesUpdateData.java
