/var/atlassian/application-data/bamboo/local-working-dir/BT-BMM-JOB1/src/main/java/com/difisoft/market/model/v2/db/FuturesCodeMapping.java
/var/atlassian/application-data/bamboo/local-working-dir/BT-BMM-JOB1/src/main/java/com/difisoft/market/model/v1/db/CWInfo.java
/var/atlassian/application-data/bamboo/local-working-dir/BT-BMM-JOB1/src/main/java/com/difisoft/market/model/v2/db/SymbolInfo.java
/var/atlassian/application-data/bamboo/local-working-dir/BT-BMM-JOB1/src/main/java/com/difisoft/market/model/v1/db/IndexQuoteMinute.java
/var/atlassian/application-data/bamboo/local-working-dir/BT-BMM-JOB1/src/main/java/com/difisoft/market/model/v2/db/MappingMongo.java
/var/atlassian/application-data/bamboo/local-working-dir/BT-BMM-JOB1/src/main/java/com/difisoft/market/model/v2/realtime/FuturesUpdateData.java
/var/atlassian/application-data/bamboo/local-working-dir/BT-BMM-JOB1/src/main/java/com/difisoft/market/model/v1/db/WeeklyIndex.java
/var/atlassian/application-data/bamboo/local-working-dir/BT-BMM-JOB1/src/main/java/com/difisoft/market/model/v1/db/MonthlyIndex.java
/var/atlassian/application-data/bamboo/local-working-dir/BT-BMM-JOB1/src/main/java/com/difisoft/market/model/v2/realtime/StockUpdateData.java
/var/atlassian/application-data/bamboo/local-working-dir/BT-BMM-JOB1/src/main/java/com/difisoft/market/model/v1/db/IndexQuote.java
/var/atlassian/application-data/bamboo/local-working-dir/BT-BMM-JOB1/src/main/java/com/difisoft/market/model/v2/realtime/ForeignIndexUpdateData.java
/var/atlassian/application-data/bamboo/local-working-dir/BT-BMM-JOB1/src/main/java/com/difisoft/market/model/v2/realtime/FuturesExtra.java
/var/atlassian/application-data/bamboo/local-working-dir/BT-BMM-JOB1/src/main/java/com/difisoft/market/model/v1/db/IPeriodFutures.java
/var/atlassian/application-data/bamboo/local-working-dir/BT-BMM-JOB1/src/main/java/com/difisoft/market/model/v1/db/MonthlyStock.java
/var/atlassian/application-data/bamboo/local-working-dir/BT-BMM-JOB1/src/main/java/com/difisoft/market/model/v1/db/EstimatedData.java
/var/atlassian/application-data/bamboo/local-working-dir/BT-BMM-JOB1/src/main/java/com/difisoft/market/model/constant/SymbolTypeEnum.java
/var/atlassian/application-data/bamboo/local-working-dir/BT-BMM-JOB1/src/main/java/com/difisoft/market/model/v2/db/SymbolHistory.java
/var/atlassian/application-data/bamboo/local-working-dir/BT-BMM-JOB1/src/main/java/com/difisoft/market/model/v2/realtime/StockExtra.java
/var/atlassian/application-data/bamboo/local-working-dir/BT-BMM-JOB1/src/main/java/com/difisoft/market/model/constant/SessionType.java
/var/atlassian/application-data/bamboo/local-working-dir/BT-BMM-JOB1/src/main/java/com/difisoft/market/model/v1/db/CWQuote.java
/var/atlassian/application-data/bamboo/local-working-dir/BT-BMM-JOB1/src/main/java/com/difisoft/market/model/v1/db/IndexStockList.java
/var/atlassian/application-data/bamboo/local-working-dir/BT-BMM-JOB1/src/main/java/com/difisoft/market/model/v1/db/DailyCW.java
/var/atlassian/application-data/bamboo/local-working-dir/BT-BMM-JOB1/src/main/java/com/difisoft/market/model/v1/realtime/FuturesBidOfferData.java
/var/atlassian/application-data/bamboo/local-working-dir/BT-BMM-JOB1/src/main/java/com/difisoft/market/model/v1/db/StockQuote.java
/var/atlassian/application-data/bamboo/local-working-dir/BT-BMM-JOB1/src/main/java/com/difisoft/market/model/v1/db/CW.java
/var/atlassian/application-data/bamboo/local-working-dir/BT-BMM-JOB1/src/main/java/com/difisoft/market/model/v1/db/WeeklyCW.java
/var/atlassian/application-data/bamboo/local-working-dir/BT-BMM-JOB1/src/main/java/com/difisoft/market/model/constant/TTLExchange.java
/var/atlassian/application-data/bamboo/local-working-dir/BT-BMM-JOB1/src/main/java/com/difisoft/market/model/v2/db/Symbol.java
/var/atlassian/application-data/bamboo/local-working-dir/BT-BMM-JOB1/src/main/java/com/difisoft/market/model/v1/db/EtfIndexDaily.java
/var/atlassian/application-data/bamboo/local-working-dir/BT-BMM-JOB1/src/main/java/com/difisoft/market/model/v2/db/SymbolName.java
/var/atlassian/application-data/bamboo/local-working-dir/BT-BMM-JOB1/src/main/java/com/difisoft/market/model/v1/db/WeeklyFutures.java
/var/atlassian/application-data/bamboo/local-working-dir/BT-BMM-JOB1/src/main/java/com/difisoft/market/model/v1/realtime/StockUpdateData.java
/var/atlassian/application-data/bamboo/local-working-dir/BT-BMM-JOB1/src/main/java/com/difisoft/market/model/v1/db/IPeriodIndex.java
/var/atlassian/application-data/bamboo/local-working-dir/BT-BMM-JOB1/src/main/java/com/difisoft/market/model/v1/db/SymbolName.java
/var/atlassian/application-data/bamboo/local-working-dir/BT-BMM-JOB1/src/main/java/com/difisoft/market/model/v1/db/WeeklyStock.java
/var/atlassian/application-data/bamboo/local-working-dir/BT-BMM-JOB1/src/main/java/com/difisoft/market/model/v1/db/FuturesInfo.java
/var/atlassian/application-data/bamboo/local-working-dir/BT-BMM-JOB1/src/main/java/com/difisoft/market/model/v1/db/FuturesCodeMapping.java
/var/atlassian/application-data/bamboo/local-working-dir/BT-BMM-JOB1/src/main/java/com/difisoft/market/model/v1/db/StockHistory.java
/var/atlassian/application-data/bamboo/local-working-dir/BT-BMM-JOB1/src/main/java/com/difisoft/market/model/v1/db/StockInfo.java
/var/atlassian/application-data/bamboo/local-working-dir/BT-BMM-JOB1/src/main/java/com/difisoft/market/model/v1/db/StockForeignerDaily.java
/var/atlassian/application-data/bamboo/local-working-dir/BT-BMM-JOB1/src/main/java/com/difisoft/market/model/v1/db/CWQuoteBackup.java
/var/atlassian/application-data/bamboo/local-working-dir/BT-BMM-JOB1/src/main/java/com/difisoft/market/model/v2/realtime/PriceItem.java
/var/atlassian/application-data/bamboo/local-working-dir/BT-BMM-JOB1/src/main/java/com/difisoft/market/model/v2/db/SymbolQuoteMinute.java
/var/atlassian/application-data/bamboo/local-working-dir/BT-BMM-JOB1/src/main/java/com/difisoft/market/model/v2/realtime/FuturesBidOfferData.java
/var/atlassian/application-data/bamboo/local-working-dir/BT-BMM-JOB1/src/main/java/com/difisoft/market/model/v1/db/StockQuoteBackup.java
/var/atlassian/application-data/bamboo/local-working-dir/BT-BMM-JOB1/src/main/java/com/difisoft/market/model/v2/realtime/IndexUpdateData.java
/var/atlassian/application-data/bamboo/local-working-dir/BT-BMM-JOB1/src/main/java/com/difisoft/market/model/v1/db/Stock.java
/var/atlassian/application-data/bamboo/local-working-dir/BT-BMM-JOB1/src/main/java/com/difisoft/market/model/v1/realtime/AdvertisedData.java
/var/atlassian/application-data/bamboo/local-working-dir/BT-BMM-JOB1/src/main/java/com/difisoft/market/model/v2/realtime/CWUpdateData.java
/var/atlassian/application-data/bamboo/local-working-dir/BT-BMM-JOB1/src/main/java/com/difisoft/market/model/v1/db/IPeriodStock.java
/var/atlassian/application-data/bamboo/local-working-dir/BT-BMM-JOB1/src/main/java/com/difisoft/market/model/v1/db/SymbolInfo.java
/var/atlassian/application-data/bamboo/local-working-dir/BT-BMM-JOB1/src/main/java/com/difisoft/market/model/v1/db/IndexQuoteBackup.java
/var/atlassian/application-data/bamboo/local-working-dir/BT-BMM-JOB1/src/main/java/com/difisoft/market/model/v1/realtime/TickerMesgData.java
/var/atlassian/application-data/bamboo/local-working-dir/BT-BMM-JOB1/src/main/java/com/difisoft/market/model/v2/realtime/DealNoticeData.java
/var/atlassian/application-data/bamboo/local-working-dir/BT-BMM-JOB1/src/main/java/com/difisoft/market/model/v1/db/FuturesQuote.java
/var/atlassian/application-data/bamboo/local-working-dir/BT-BMM-JOB1/src/main/java/com/difisoft/market/model/v1/db/Index.java
/var/atlassian/application-data/bamboo/local-working-dir/BT-BMM-JOB1/src/main/java/com/difisoft/market/model/v2/realtime/AdvertisedData.java
/var/atlassian/application-data/bamboo/local-working-dir/BT-BMM-JOB1/src/main/java/com/difisoft/market/model/v2/realtime/CWBidOfferData.java
/var/atlassian/application-data/bamboo/local-working-dir/BT-BMM-JOB1/src/main/java/com/difisoft/market/model/v1/db/DailyFutures.java
/var/atlassian/application-data/bamboo/local-working-dir/BT-BMM-JOB1/src/main/java/com/difisoft/market/model/v1/db/MonthlyFutures.java
/var/atlassian/application-data/bamboo/local-working-dir/BT-BMM-JOB1/src/main/java/com/difisoft/market/model/v1/realtime/IndexUpdateData.java
/var/atlassian/application-data/bamboo/local-working-dir/BT-BMM-JOB1/src/main/java/com/difisoft/market/model/v1/db/DailyStock.java
/var/atlassian/application-data/bamboo/local-working-dir/BT-BMM-JOB1/src/main/java/com/difisoft/market/model/v2/realtime/StockBidOfferData.java
/var/atlassian/application-data/bamboo/local-working-dir/BT-BMM-JOB1/src/main/java/com/difisoft/market/model/v1/realtime/TickerNewsData.java
/var/atlassian/application-data/bamboo/local-working-dir/BT-BMM-JOB1/src/main/java/com/difisoft/market/model/v1/db/IndexInfo.java
/var/atlassian/application-data/bamboo/local-working-dir/BT-BMM-JOB1/src/main/java/com/difisoft/market/model/constant/MarketTypeEnum.java
/var/atlassian/application-data/bamboo/local-working-dir/BT-BMM-JOB1/src/main/java/com/difisoft/market/model/constant/Constants.java
/var/atlassian/application-data/bamboo/local-working-dir/BT-BMM-JOB1/src/main/java/com/difisoft/market/model/v2/db/SymbolQuote.java
/var/atlassian/application-data/bamboo/local-working-dir/BT-BMM-JOB1/src/main/java/com/difisoft/market/model/v1/realtime/BidOfferData.java
/var/atlassian/application-data/bamboo/local-working-dir/BT-BMM-JOB1/src/main/java/com/difisoft/market/model/constant/IndexTypeEnum.java
/var/atlassian/application-data/bamboo/local-working-dir/BT-BMM-JOB1/src/main/java/com/difisoft/market/model/v2/realtime/CWExtra.java
/var/atlassian/application-data/bamboo/local-working-dir/BT-BMM-JOB1/src/main/java/com/difisoft/market/model/v1/db/CWHistory.java
/var/atlassian/application-data/bamboo/local-working-dir/BT-BMM-JOB1/src/main/java/com/difisoft/market/model/v1/realtime/FuturesUpdateData.java
/var/atlassian/application-data/bamboo/local-working-dir/BT-BMM-JOB1/src/main/java/com/difisoft/market/model/v2/realtime/SymbolInfoUpdate.java
/var/atlassian/application-data/bamboo/local-working-dir/BT-BMM-JOB1/src/main/java/com/difisoft/market/model/v1/db/DailyIndex.java
/var/atlassian/application-data/bamboo/local-working-dir/BT-BMM-JOB1/src/main/java/com/difisoft/market/model/v1/db/MappingMongo.java
/var/atlassian/application-data/bamboo/local-working-dir/BT-BMM-JOB1/src/main/java/com/difisoft/market/model/v2/db/EstimatedData.java
/var/atlassian/application-data/bamboo/local-working-dir/BT-BMM-JOB1/src/main/java/com/difisoft/market/model/v1/realtime/PriceItem.java
/var/atlassian/application-data/bamboo/local-working-dir/BT-BMM-JOB1/src/main/java/com/difisoft/market/model/v2/realtime/TickerNewsData.java
/var/atlassian/application-data/bamboo/local-working-dir/BT-BMM-JOB1/src/main/java/com/difisoft/market/model/v1/db/IndexHistory.java
/var/atlassian/application-data/bamboo/local-working-dir/BT-BMM-JOB1/src/main/java/com/difisoft/market/model/constant/MarketStatusType.java
/var/atlassian/application-data/bamboo/local-working-dir/BT-BMM-JOB1/src/main/java/com/difisoft/market/model/v1/db/FuturesQuoteBackup.java
/var/atlassian/application-data/bamboo/local-working-dir/BT-BMM-JOB1/src/main/java/com/difisoft/market/model/v1/db/FuturesHistory.java
/var/atlassian/application-data/bamboo/local-working-dir/BT-BMM-JOB1/src/main/java/com/difisoft/market/model/v2/realtime/ExtraUpdate.java
/var/atlassian/application-data/bamboo/local-working-dir/BT-BMM-JOB1/src/main/java/com/difisoft/market/model/v1/realtime/DealNoticeData.java
/var/atlassian/application-data/bamboo/local-working-dir/BT-BMM-JOB1/src/main/java/com/difisoft/market/model/v2/db/IndexStockList.java
/var/atlassian/application-data/bamboo/local-working-dir/BT-BMM-JOB1/src/main/java/com/difisoft/market/model/v2/realtime/IndexExtra.java
/var/atlassian/application-data/bamboo/local-working-dir/BT-BMM-JOB1/src/main/java/com/difisoft/market/model/v1/db/Futures.java
/var/atlassian/application-data/bamboo/local-working-dir/BT-BMM-JOB1/src/main/java/com/difisoft/market/model/v2/db/SymbolDaily.java
/var/atlassian/application-data/bamboo/local-working-dir/BT-BMM-JOB1/src/main/java/com/difisoft/market/model/v1/db/MonthlyCW.java
/var/atlassian/application-data/bamboo/local-working-dir/BT-BMM-JOB1/src/main/java/com/difisoft/market/model/v1/db/SecuritiesInfo.java
/var/atlassian/application-data/bamboo/local-working-dir/BT-BMM-JOB1/src/main/java/com/difisoft/market/model/v2/realtime/StockBidOfferOddLotData.java
/var/atlassian/application-data/bamboo/local-working-dir/BT-BMM-JOB1/src/main/java/com/difisoft/market/model/v1/db/EtfNavDaily.java
